// Jest Snapshot v1, https://goo.gl/fbAQLP

exports[`components/TeamGroupsManageModal should match snapshot when groups list contains two groups 1`] = `
<Fragment>
  <ListModal
    loadItems={[Function]}
    onHide={[Function]}
    renderRow={[Function]}
    searchPlaceholderText="Search groups"
    show={true}
    titleBarButtonOnClick={[Function]}
    titleBarButtonText="Add Groups"
    titleText="name Groups"
  />
  <ConfirmModal
    confirmButtonClass="btn btn-primary"
    confirmButtonText="Yes, Remove Group and Members"
    message="0 members associated to this group will be removed from the team. Are you sure you wish to remove this group and 0 members?"
    modalClass=""
    onCancel={[Function]}
    onConfirm={[Function]}
    show={false}
    title="Remove Group and 0 Members"
  />
</Fragment>
`;

exports[`components/TeamGroupsManageModal should match snapshot when groups list is empty 1`] = `
<Fragment>
  <ListModal
    loadItems={[Function]}
    onHide={[Function]}
    renderRow={[Function]}
    searchPlaceholderText="Search groups"
    show={true}
    titleBarButtonOnClick={[Function]}
    titleBarButtonText="Add Groups"
    titleText="name Groups"
  />
  <ConfirmModal
    confirmButtonClass="btn btn-primary"
    confirmButtonText="Yes, Remove Group and Members"
    message="0 members associated to this group will be removed from the team. Are you sure you wish to remove this group and 0 members?"
    modalClass=""
    onCancel={[Function]}
    onConfirm={[Function]}
    show={false}
    title="Remove Group and 0 Members"
  />
</Fragment>
`;
